<html>
<body>
<pre>
<h1>µVision Build Log</h1>
<h2>Tool Versions:</h2>
IDE-Version: µVision V5.41.0.0
Copyright (C) 2024 ARM Ltd and ARM Germany GmbH. All rights reserved.
License Information: Luigi Gonnella Politecnico di Torino Flex license: error obtaining information 
Tool Versions:
Toolchain:       MDK-Lite  Version: 5.41.0.0
Toolchain Path:  C:\Users\luigi\AppData\Local\Keil_v5\ARM\ARMCLANG\Bin
C Compiler:      ArmClang.exe V6.22
Assembler:       Armasm.exe V6.22
Linker/Locator:  ArmLink.exe V6.22
Library Manager: ArmAr.exe V6.22
Hex Converter:   FromElf.exe V6.22
CPU DLL:         SARMCM3.DLL V5.41.0.0
Dialog DLL:      DARMP1.DLL V1.28.1.0
Target DLL:      UL2CM3.DLL V1.164.14.0
Dialog DLL:      TARMP1.DLL V1.27.1.0
 
<h2>Project:</h2>
C:\Users\luigi\OneDrive - Politecnico di Torino\Universita\Magistrale\Primo Anno\Architetture dei Sistemi di Elaborazione\ARM\ESERCIZI E LAB\Extrapoints1\PACMAN\sample.uvprojx
Project File Date:  12/18/2024

<h2>Output:</h2>
*** Using Compiler 'V6.22', folder: 'C:\Users\luigi\AppData\Local\Keil_v5\ARM\ARMCLANG\Bin'
Rebuild target 'LandTiger_LPC1768 (release)'
assembling startup_LPC17xx.s...
creating preprocessor file for sample.c...
creating preprocessor file for IRQ_timer.c...
compiling system_LPC17xx.c...
creating preprocessor file for system_LPC17xx.c...
creating preprocessor file for lib_timer.c...
compiling IRQ_timer.c...
creating preprocessor file for AsciiLib.c...
compiling AsciiLib.c...
compiling lib_timer.c...
creating preprocessor file for GLCD.c...
compiling sample.c...
creating preprocessor file for HzLib.c...
creating preprocessor file for TouchPanel.c...
creating preprocessor file for IRQ_RIT.c...
compiling GLCD.c...
compiling TouchPanel.c...
creating preprocessor file for lib_RIT.c...
compiling lib_RIT.c...
creating preprocessor file for funct_joystick.c...
compiling IRQ_RIT.c...
compiling funct_joystick.c...
creating preprocessor file for lib_joystick.c...
creating preprocessor file for IRQ_button.c...
compiling lib_joystick.c...
compiling IRQ_button.c...
creating preprocessor file for lib_button.c...
compiling lib_button.c...
compiling HzLib.c...
linking...
Program Size: Code=31936 RO-data=1772 RW-data=32 ZI-data=3312  
".\sample_GLCD_TP.axf" - 0 Error(s), 0 Warning(s).

<h2>Software Packages used:</h2>

Package Vendor: ARM
                https://www.keil.com/pack/ARM.CMSIS.6.1.0.pack
                ARM::CMSIS@6.1.0
                CMSIS (Common Microcontroller Software Interface Standard)
   * Component: CORE Version: 6.1.0

Package Vendor: Keil
                http://www.keil.com/pack/Keil.LPC1700_DFP.2.7.1.pack
                Keil::LPC1700_DFP@2.7.1
                NXP LPC1700 Series Device Support, Drivers and Examples for MCB1700 and LPC1788-32

<h2>Collection of Component include folders:</h2>
  ./RTE/_LandTiger_LPC1768__release_
  C:/Users/luigi/AppData/Local/Arm/Packs/ARM/CMSIS/6.1.0/CMSIS/Core/Include
  C:/Users/luigi/AppData/Local/Arm/Packs/Keil/LPC1700_DFP/2.7.1/Device/Include

<h2>Collection of Component Files used:</h2>

   * Component: ARM::CMSIS:CORE@6.1.0
Build Time Elapsed:  00:00:02
</pre>
</body>
</html>
